// Jest Snapshot v1, https://goo.gl/fbAQLP

exports[`Manage Users page view users page matches Snapshot 1`] = `
Object {
  "asFragment": [Function],
  "baseElement": <body>
    <div>
      <nav
        aria-label="Breadcrumb"
        class="ons-breadcrumb"
      >
        <ol
          class="ons-breadcrumb__items ons-u-fs-s"
        >
          <li
            class="ons-breadcrumb__item"
            id="breadcrumb-0"
          >
            <a
              class="ons-breadcrumb__link"
              href="/"
            >
              Home
            </a>
            <svg
              class="ons-svg-icon"
              focusable="false"
              viewBox="0 0 8 13"
              xmlns="http://www.w3.org/2000/svg"
            >
              <path
                d="M5.74,14.28l-.57-.56a.5.5,0,0,1,0-.71h0l5-5-5-5a.5.5,0,0,1,0-.71h0l.57-.56a.5.5,0,0,1,.71,0h0l5.93,5.93a.5.5,0,0,1,0,.7L6.45,14.28a.5.5,0,0,1-.71,0Z"
                transform="translate(-5.02 -1.59)"
              />
            </svg>
          </li>
        </ol>
      </nav>
      <main
        class="ons-page__main ons-u-mt-no"
        id="main-content"
      >
        <h1
          class="ons-u-mb-l"
        >
          Manage users
        </h1>
        <ul
          class="ons-list ons-list--bare ons-list--inline "
        >
          <li
            class="ons-list__item "
          >
            <a
              href="/users/new"
            >
              Create new user
            </a>
          </li>
          <li
            class="ons-list__item "
          >
            <a
              href="/users/upload"
            >
              Bulk upload users
            </a>
          </li>
        </ul>
        <table
          class="ons-table ons-u-mt-m"
          id="users-table"
        >
          <thead
            class="ons-table__head "
          >
            <tr
              class="ons-table__row"
            >
              <th
                class="ons-table__header "
                scope="col"
              >
                <span>
                  Name
                </span>
              </th>
              <th
                class="ons-table__header "
                scope="col"
              >
                <span>
                  Role
                </span>
              </th>
              <th
                class="ons-table__header "
                scope="col"
              >
                <span>
                  Actions
                </span>
              </th>
            </tr>
          </thead>
          <tbody
            class="ons-table__body"
          >
            <tr
              class="ons-table__row"
              data-testid="users-table-row"
            >
              <td
                class="ons-table__cell "
              >
                TestUser123 
                (Current user)
              </td>
              <td
                class="ons-table__cell "
              >
                DST
              </td>
              <td
                class="ons-table__cell "
              >
                <a
                  href="/users/TestUser123"
                >
                  View user
                </a>
              </td>
            </tr>
            <tr
              class="ons-table__row"
              data-testid="users-table-row"
            >
              <td
                class="ons-table__cell "
              >
                SecondUser
              </td>
              <td
                class="ons-table__cell "
              >
                BDSS
              </td>
              <td
                class="ons-table__cell "
              >
                <a
                  href="/users/SecondUser"
                >
                  View user
                </a>
              </td>
            </tr>
          </tbody>
        </table>
      </main>
    </div>
  </body>,
  "container": <div>
    <nav
      aria-label="Breadcrumb"
      class="ons-breadcrumb"
    >
      <ol
        class="ons-breadcrumb__items ons-u-fs-s"
      >
        <li
          class="ons-breadcrumb__item"
          id="breadcrumb-0"
        >
          <a
            class="ons-breadcrumb__link"
            href="/"
          >
            Home
          </a>
          <svg
            class="ons-svg-icon"
            focusable="false"
            viewBox="0 0 8 13"
            xmlns="http://www.w3.org/2000/svg"
          >
            <path
              d="M5.74,14.28l-.57-.56a.5.5,0,0,1,0-.71h0l5-5-5-5a.5.5,0,0,1,0-.71h0l.57-.56a.5.5,0,0,1,.71,0h0l5.93,5.93a.5.5,0,0,1,0,.7L6.45,14.28a.5.5,0,0,1-.71,0Z"
              transform="translate(-5.02 -1.59)"
            />
          </svg>
        </li>
      </ol>
    </nav>
    <main
      class="ons-page__main ons-u-mt-no"
      id="main-content"
    >
      <h1
        class="ons-u-mb-l"
      >
        Manage users
      </h1>
      <ul
        class="ons-list ons-list--bare ons-list--inline "
      >
        <li
          class="ons-list__item "
        >
          <a
            href="/users/new"
          >
            Create new user
          </a>
        </li>
        <li
          class="ons-list__item "
        >
          <a
            href="/users/upload"
          >
            Bulk upload users
          </a>
        </li>
      </ul>
      <table
        class="ons-table ons-u-mt-m"
        id="users-table"
      >
        <thead
          class="ons-table__head "
        >
          <tr
            class="ons-table__row"
          >
            <th
              class="ons-table__header "
              scope="col"
            >
              <span>
                Name
              </span>
            </th>
            <th
              class="ons-table__header "
              scope="col"
            >
              <span>
                Role
              </span>
            </th>
            <th
              class="ons-table__header "
              scope="col"
            >
              <span>
                Actions
              </span>
            </th>
          </tr>
        </thead>
        <tbody
          class="ons-table__body"
        >
          <tr
            class="ons-table__row"
            data-testid="users-table-row"
          >
            <td
              class="ons-table__cell "
            >
              TestUser123 
              (Current user)
            </td>
            <td
              class="ons-table__cell "
            >
              DST
            </td>
            <td
              class="ons-table__cell "
            >
              <a
                href="/users/TestUser123"
              >
                View user
              </a>
            </td>
          </tr>
          <tr
            class="ons-table__row"
            data-testid="users-table-row"
          >
            <td
              class="ons-table__cell "
            >
              SecondUser
            </td>
            <td
              class="ons-table__cell "
            >
              BDSS
            </td>
            <td
              class="ons-table__cell "
            >
              <a
                href="/users/SecondUser"
              >
                View user
              </a>
            </td>
          </tr>
        </tbody>
      </table>
    </main>
  </div>,
  "debug": [Function],
  "findAllByAltText": [Function],
  "findAllByDisplayValue": [Function],
  "findAllByLabelText": [Function],
  "findAllByPlaceholderText": [Function],
  "findAllByRole": [Function],
  "findAllByTestId": [Function],
  "findAllByText": [Function],
  "findAllByTitle": [Function],
  "findByAltText": [Function],
  "findByDisplayValue": [Function],
  "findByLabelText": [Function],
  "findByPlaceholderText": [Function],
  "findByRole": [Function],
  "findByTestId": [Function],
  "findByText": [Function],
  "findByTitle": [Function],
  "getAllByAltText": [Function],
  "getAllByDisplayValue": [Function],
  "getAllByLabelText": [Function],
  "getAllByPlaceholderText": [Function],
  "getAllByRole": [Function],
  "getAllByTestId": [Function],
  "getAllByText": [Function],
  "getAllByTitle": [Function],
  "getByAltText": [Function],
  "getByDisplayValue": [Function],
  "getByLabelText": [Function],
  "getByPlaceholderText": [Function],
  "getByRole": [Function],
  "getByTestId": [Function],
  "getByText": [Function],
  "getByTitle": [Function],
  "queryAllByAltText": [Function],
  "queryAllByDisplayValue": [Function],
  "queryAllByLabelText": [Function],
  "queryAllByPlaceholderText": [Function],
  "queryAllByRole": [Function],
  "queryAllByTestId": [Function],
  "queryAllByText": [Function],
  "queryAllByTitle": [Function],
  "queryByAltText": [Function],
  "queryByDisplayValue": [Function],
  "queryByLabelText": [Function],
  "queryByPlaceholderText": [Function],
  "queryByRole": [Function],
  "queryByTestId": [Function],
  "queryByText": [Function],
  "queryByTitle": [Function],
  "rerender": [Function],
  "unmount": [Function],
}
`;
