// Vitest Snapshot v1, https://vitest.dev/guide/snapshot.html

exports[`ChangePassword Component > matches the snapshot 1`] = `
<DocumentFragment>
  <main
    class="ons-page__main ons-u-mt-m"
    id="main-content"
  >
    <h1
      class="ons-u-mb-l"
    >
      Change password for user 
      <em
        class="ons-highlight"
      >
        testUser
      </em>
    </h1>
    <div
      class="ons-u-mb-m"
    />
    <form>
      <div>
        <label
          for="new-password"
        >
          New password
        </label>
        <input
          id="new-password"
          type="password"
          value=""
        />
      </div>
      <div>
        <label
          for="confirm-password"
        >
          Confirm password
        </label>
        <input
          id="confirm-password"
          type="password"
          value=""
        />
      </div>
      <div
        class="ons-u-mt-m"
      >
        <button
          type="button"
        >
          Save
        </button>
        <button
          type="button"
        >
          Cancel
        </button>
      </div>
    </form>
  </main>
</DocumentFragment>
`;
