// Jest Snapshot v1, https://goo.gl/fbAQLP

exports[`ChangePassword Component matches the snapshot 1`] = `
<DocumentFragment>
  <nav
    aria-label="Breadcrumb"
    class="ons-breadcrumb"
  >
    <ol
      class="ons-breadcrumb__items ons-u-fs-s"
    >
      <li
        class="ons-breadcrumb__item"
        id="breadcrumb-0"
      >
        <a
          class="ons-breadcrumb__link"
          href="/"
        >
          Home
        </a>
        <svg
          class="ons-svg-icon"
          focusable="false"
          viewBox="0 0 8 13"
          xmlns="http://www.w3.org/2000/svg"
        >
          <path
            d="M5.74,14.28l-.57-.56a.5.5,0,0,1,0-.71h0l5-5-5-5a.5.5,0,0,1,0-.71h0l.57-.56a.5.5,0,0,1,.71,0h0l5.93,5.93a.5.5,0,0,1,0,.7L6.45,14.28a.5.5,0,0,1-.71,0Z"
            transform="translate(-5.02 -1.59)"
          />
        </svg>
      </li>
      <li
        class="ons-breadcrumb__item"
        id="breadcrumb-1"
      >
        <a
          class="ons-breadcrumb__link"
          href="/users/"
        >
          Manage users
        </a>
        <svg
          class="ons-svg-icon"
          focusable="false"
          viewBox="0 0 8 13"
          xmlns="http://www.w3.org/2000/svg"
        >
          <path
            d="M5.74,14.28l-.57-.56a.5.5,0,0,1,0-.71h0l5-5-5-5a.5.5,0,0,1,0-.71h0l.57-.56a.5.5,0,0,1,.71,0h0l5.93,5.93a.5.5,0,0,1,0,.7L6.45,14.28a.5.5,0,0,1-.71,0Z"
            transform="translate(-5.02 -1.59)"
          />
        </svg>
      </li>
      <li
        class="ons-breadcrumb__item"
        id="breadcrumb-2"
      >
        <a
          class="ons-breadcrumb__link"
          href="/users/testUser"
        >
          View user
        </a>
        <svg
          class="ons-svg-icon"
          focusable="false"
          viewBox="0 0 8 13"
          xmlns="http://www.w3.org/2000/svg"
        >
          <path
            d="M5.74,14.28l-.57-.56a.5.5,0,0,1,0-.71h0l5-5-5-5a.5.5,0,0,1,0-.71h0l.57-.56a.5.5,0,0,1,.71,0h0l5.93,5.93a.5.5,0,0,1,0,.7L6.45,14.28a.5.5,0,0,1-.71,0Z"
            transform="translate(-5.02 -1.59)"
          />
        </svg>
      </li>
    </ol>
  </nav>
  <main
    class="ons-page__main ons-u-mt-no"
    id="main-content"
  >
    <h1
      class="ons-u-mb-l"
    >
      Change password for user 
      <em>
        testUser
      </em>
    </h1>
    <div
      class="ons-panel ons-panel--error ons-panel--no-title  ons-u-mt-m"
      hidden=""
    >
      <div
        class="ons-panel__body "
      />
    </div>
    <form>
      <p
        class="ons-field"
      >
        <label
          class="ons-label"
          for="password"
        >
          New password
        </label>
        <span
          class="ons-checkbox ons-checkbox--toggle"
        >
          <input
            autocomplete="new-password"
            class="ons-checkbox__input"
            id="password-toggle"
            name="show-password"
            type="checkbox"
          />
          <label
            class="ons-checkbox__label "
            for="password-toggle"
            id="password-toggle-label"
          >
            Show password
          </label>
        </span>
        <input
          class="ons-input ons-input--text ons-input-type__input ons-u-mt-xs"
          data-testid="login-password-input"
          id="password"
          type="password"
          value=""
        />
      </p>
      <p
        class="ons-field"
      >
        <label
          class="ons-label"
          for="password"
        >
          Confirm password
        </label>
        <span
          class="ons-checkbox ons-checkbox--toggle"
        >
          <input
            autocomplete="new-password"
            class="ons-checkbox__input"
            id="password-toggle"
            name="show-password"
            type="checkbox"
          />
          <label
            class="ons-checkbox__label "
            for="password-toggle"
            id="password-toggle-label"
          >
            Show password
          </label>
        </span>
        <input
          class="ons-input ons-input--text ons-input-type__input ons-u-mt-xs"
          data-testid="login-password-input"
          id="password"
          type="password"
          value=""
        />
      </p>
      <button
        class="ons-btn "
        data-testid="button"
        type="button"
      >
        <span
          class="ons-btn__inner"
        >
          Save
        </span>
      </button>
    </form>
  </main>
</DocumentFragment>
`;
