// Jest Snapshot v1, https://goo.gl/fbAQLP

exports[`UserProfile Component matches the snapshot 1`] = `
<DocumentFragment>
  <nav
    aria-label="Breadcrumb"
    class="ons-breadcrumb"
  >
    <ol
      class="ons-breadcrumb__items ons-u-fs-s"
    >
      <li
        class="ons-breadcrumb__item"
        id="breadcrumb-0"
      >
        <a
          class="ons-breadcrumb__link"
          href="/"
        >
          Home
        </a>
        <svg
          class="ons-svg-icon"
          focusable="false"
          viewBox="0 0 8 13"
          xmlns="http://www.w3.org/2000/svg"
        >
          <path
            d="M5.74,14.28l-.57-.56a.5.5,0,0,1,0-.71h0l5-5-5-5a.5.5,0,0,1,0-.71h0l.57-.56a.5.5,0,0,1,.71,0h0l5.93,5.93a.5.5,0,0,1,0,.7L6.45,14.28a.5.5,0,0,1-.71,0Z"
            transform="translate(-5.02 -1.59)"
          />
        </svg>
      </li>
      <li
        class="ons-breadcrumb__item"
        id="breadcrumb-1"
      >
        <a
          class="ons-breadcrumb__link"
          href="/users"
        >
          Manage users
        </a>
        <svg
          class="ons-svg-icon"
          focusable="false"
          viewBox="0 0 8 13"
          xmlns="http://www.w3.org/2000/svg"
        >
          <path
            d="M5.74,14.28l-.57-.56a.5.5,0,0,1,0-.71h0l5-5-5-5a.5.5,0,0,1,0-.71h0l.57-.56a.5.5,0,0,1,.71,0h0l5.93,5.93a.5.5,0,0,1,0,.7L6.45,14.28a.5.5,0,0,1-.71,0Z"
            transform="translate(-5.02 -1.59)"
          />
        </svg>
      </li>
    </ol>
  </nav>
  <main
    class="ons-page__main ons-u-mt-no"
    id="main-content"
  >
    <h1
      class="ons-u-mb-l"
    >
      User Profile
    </h1>
    <div
      class="ons-summary"
    >
      <div
        class="ons-summary__group"
        id="personal-details"
      >
        <h2
          class="ons-summary__group-title"
        >
          Personal details
        </h2>
        <dl
          class="ons-summary__items"
        >
          <div
            class="ons-summary__item"
            id="name-row"
          >
            <div
              class="ons-summary__row ons-summary__row--has-values"
              id="name"
            >
              <dt
                class="ons-summary__item-title"
              >
                <div
                  class="ons-summary__item--text"
                >
                  Name
                </div>
              </dt>
              <dd
                class="ons-summary__values"
              >
                <span
                  class="ons-summary__text"
                >
                  testUser
                </span>
              </dd>
              <dd
                class="ons-summary__actions"
              />
            </div>
          </div>
          <div
            class="ons-summary__item"
            id="password-row"
          >
            <div
              class="ons-summary__row ons-summary__row--has-values"
              id="password"
            >
              <dt
                class="ons-summary__item-title"
              >
                <div
                  class="ons-summary__item--text"
                >
                  Password
                </div>
              </dt>
              <dd
                class="ons-summary__values"
              >
                <span
                  class="ons-summary__text"
                >
                  •••••••••
                </span>
              </dd>
              <dd
                class="ons-summary__actions"
              >
                <a
                  class="ons-summary__button"
                  href="/users/change-password/testUser"
                >
                  <span
                    aria-hidden="true"
                    class="ons-summary__button-text"
                  >
                    Change
                  </span>
                  <span
                    class="ons-u-vh"
                  >
                    Change password
                  </span>
                </a>
              </dd>
            </div>
          </div>
        </dl>
      </div>
      <div
        class="ons-summary__group"
        id="roles-and-permissions"
      >
        <h2
          class="ons-summary__group-title"
        >
          Roles and permissions
        </h2>
        <div
          class="ons-summary__item"
          id="role-row"
        >
          <div
            class="ons-summary__row ons-summary__row--has-values"
            id="role"
          >
            <dt
              class="ons-summary__item-title"
            >
              <div
                class="ons-summary__item--text"
              >
                Role
              </div>
            </dt>
            <dd
              class="ons-summary__values"
            >
              <span
                class="ons-summary__text"
              >
                IPS Manager
              </span>
            </dd>
            <dd
              class="ons-summary__actions"
            >
              <a
                class="ons-summary__button"
                href="/users/change-role/testUser"
              >
                <span
                  aria-hidden="true"
                  class="ons-summary__button-text"
                >
                  Change
                </span>
                <span
                  class="ons-u-vh"
                >
                  Change role
                </span>
              </a>
            </dd>
          </div>
        </div>
        <div
          class="ons-summary__item"
          id="default-server-park-row"
        >
          <div
            class="ons-summary__row ons-summary__row--has-values"
            id="default-server-park"
          >
            <dt
              class="ons-summary__item-title"
            >
              <div
                class="ons-summary__item--text"
              >
                Default Server Park
              </div>
            </dt>
            <dd
              class="ons-summary__values"
            >
              <span
                class="ons-summary__text"
              >
                gusty
              </span>
            </dd>
            <dd
              class="ons-summary__actions"
            />
          </div>
        </div>
        <div
          class="ons-summary__item"
          id="server-parks-row"
        >
          <div
            class="ons-summary__row ons-summary__row--has-values"
            id="server-parks"
          >
            <dt
              class="ons-summary__item-title"
            >
              <div
                class="ons-summary__item--text"
              >
                Server Parks
              </div>
            </dt>
            <dd
              class="ons-summary__values"
            >
              <span
                class="ons-summary__text"
              >
                gusty, cma
              </span>
            </dd>
            <dd
              class="ons-summary__actions"
            />
          </div>
        </div>
      </div>
      <div
        class="ons-summary__group"
        id="actions"
      >
        <h2
          class="ons-summary__group-title"
        >
          Actions
        </h2>
        <div
          id="actions-row"
        >
          <a
            class="ons-summary__button"
            href="/users/delete/testUser"
          >
            <span
              aria-hidden="true"
              class="ons-summary__button-text"
            >
              Delete
            </span>
            <span
              class="ons-u-vh"
            >
              Delete user
            </span>
          </a>
        </div>
      </div>
    </div>
  </main>
</DocumentFragment>
`;
