// Vitest Snapshot v1, https://vitest.dev/guide/snapshot.html

exports[`UserTable Component > matches snapshot 1`] = `
<DocumentFragment>
  <main
    class="ons-page__main ons-u-mt-m"
    id="main-content"
  >
    <style>
      
        #user-details-table .ons-table__head {
          display: none;
        }
      
    </style>
    <h1
      class="ons-u-mb-l"
    >
      testUser
    </h1>
    <div
      class="ons-table-scrollable ons-table-scrollable--on"
    >
      <div
        aria-label="User details"
        class="ons-table-scrollable__content"
        role="region"
        tabindex="0"
      >
        <table
          class="ons-table"
          data-testid="user-details-table-table"
          id="user-details-table"
        >
          <thead
            class="ons-table__head"
          >
            <tr
              class="ons-table__row"
            />
          </thead>
          <tbody
            class="ons-table__body"
          >
            <tr
              class="ons-table__row"
            >
              <td
                class="ons-table__cell"
                style="border-top: 0px;"
              >
                Role
              </td>
              <td
                class="ons-table__cell"
                style="border-top: 0px;"
              >
                <strong>
                  IPS Manager
                </strong>
              </td>
            </tr>
            <tr
              class="ons-table__row"
            >
              <td
                class="ons-table__cell"
              >
                Default server park
              </td>
              <td
                class="ons-table__cell"
              >
                <strong>
                  gusty
                </strong>
              </td>
            </tr>
            <tr
              class="ons-table__row"
            >
              <td
                class="ons-table__cell"
              >
                Server parks
              </td>
              <td
                class="ons-table__cell"
              >
                <strong>
                  gusty, cma
                </strong>
              </td>
            </tr>
          </tbody>
        </table>
      </div>
    </div>
    <h2
      class="ons-u-mb-s"
    >
      Actions
    </h2>
    <ul
      class="ons-list ons-list--bare"
    >
      <li
        class="ons-list__item ons-u-mb-xs"
      >
        <a
          class="ons-summary__button"
          data-discover="true"
          href="/users/change-password/testUser"
        >
          Change password
        </a>
      </li>
      <li
        class="ons-list__item ons-u-mb-xs"
      >
        <a
          class="ons-summary__button"
          data-discover="true"
          href="/users/change-role/testUser"
        >
          Change role
        </a>
      </li>
      <li
        class="ons-list__item"
      >
        <a
          class="ons-summary__button"
          data-discover="true"
          href="/users/delete/testUser"
        >
          Delete
        </a>
      </li>
    </ul>
  </main>
</DocumentFragment>
`;
